LAYER       STATE           VALUE           SOURCE
SUMMARY     Consistent      -               Computed/Unverifiable
INTENT      Declared        Default         Declared/Current
SUPPORT     NotApplicable   -               Computed/Current
TRANSLATE   Computed        Unavailable     Computed/Unavailable
REALIZE     Reported        r=0 e=0 w=1     Reported/Unverifiable
CHECK       NotApplicable   algorithm       Computed/Current
CHECK       NotApplicable   policy          Computed/Current
CHECK       Match           canary-weight   Computed/Unverifiable
