LAYER       STATE        VALUE           SOURCE
SUMMARY     Consistent   -               Computed/Unverifiable
INTENT      Declared     RoundRobin      Declared/Current
SUPPORT     Honored      -               Computed/Current
TRANSLATE   Computed     envoy-gateway   Computed/Current
REALIZE     Reported     r=1 e=0 w=1     Reported/Unverifiable
CHECK       Match        algorithm       Computed/Current
CHECK       Match        policy          Computed/Current
CHECK       Match        canary-weight   Computed/Unverifiable
