LAYER      FIELD               STATE           VALUE                                                                                SOURCE
REPORT     api-version         -               cli.ome.io/v1alpha1                                                                  -
REPORT     kind                -               TrafficExplainReport                                                                 -
SUBJECT    namespace           -               prod                                                                                 -
SUBJECT    name                -               chat                                                                                 -
REPORT     collected-at        -               2026-09-14T17:00:00Z                                                                 -
SOURCE     InferenceService    Reported        prod/chat gen=7 at=2026-09-14T17:00:00Z                                              Reported/Current
SUMMARY    state               Partial         -                                                                                    Computed/Stale
SUMMARY    intent              Declared        -                                                                                    Declared/Current
SUMMARY    support             Partial         -                                                                                    Computed/Stale
SUMMARY    realization         Reported        routes=1 endpoints=0 targets=0                                                       Reported/Current
INTENT     algorithm           Declared        RoundRobin                                                                           Declared/Current
INTENT     consistent-hash     Absent          -                                                                                    Declared/Current
INTENT     endpoint-override   Absent          -                                                                                    Declared/Current
REPORTED   algorithm           Reported        RoundRobin                                                                           Reported/Current
REPORTED   translator          Computed        envoy-gateway                                                                        Computed/Current
REPORTED   policy-ready        True            AcceptedByGateway                                                                    Reported/Current
REPORTED   unsupported         Present         -                                                                                    Reported/Stale
REPORTED   policy              Reported        gateway.envoyproxy.io/v1alpha1/BackendTrafficPolicy/prod/chat                        Reported/Current
REPORTED   route               Reported        chat                                                                                 Reported/Current
REPORTED   condition           Reported        BackendPolicyReady=True/AcceptedByGateway gen=7 at=2026-09-14T16:59:00Z              Reported/Current
REPORTED   condition           Reported        BackendPolicyUnsupportedFields=True/UnsupportedField gen=6 at=2026-09-14T16:59:00Z   Reported/Stale
CHECK      algorithm           Match           -                                                                                    Computed/Current
CHECK      policy              Match           -                                                                                    Computed/Current
CHECK      canary-weight       NotApplicable   -                                                                                    Computed/Current
ISSUE      -                   -               ReportedEvidenceStale                                                                Computed/Unverifiable
WARNING    -                   -               PartialData                                                                          Computed/Unverifiable
WARNING    -                   -               StaleEvidence                                                                        Computed/Unverifiable
