LAYER       STATE           VALUE                   SOURCE
SUMMARY     Partial         -                       Computed/Stale
INTENT      Declared        RoundRobin              Declared/Current
SUPPORT     Partial         -                       Computed/Stale
TRANSLATE   Computed        envoy-gateway           Computed/Current
REALIZE     Reported        r=1 e=0 w=0             Reported/Current
CHECK       Match           algorithm               Computed/Current
CHECK       Match           policy                  Computed/Current
CHECK       NotApplicable   canary-weight           Computed/Current
ISSUE       -               ReportedEvidenceStale   Computed/Unverifiable
