LAYER      FIELD               STATE           VALUE                                                                     SOURCE
REPORT     api-version         -               cli.ome.io/v1alpha1                                                       -
REPORT     kind                -               TrafficExplainReport                                                      -
SUBJECT    namespace           -               prod                                                                      -
SUBJECT    name                -               chat                                                                      -
REPORT     collected-at        -               2026-09-14T17:00:00Z                                                      -
SOURCE     InferenceService    Reported        prod/chat gen=7 at=2026-09-14T17:00:00Z                                   Reported/Current
SUMMARY    state               Partial         -                                                                         Computed/Stale
SUMMARY    intent              Declared        -                                                                         Declared/Current
SUMMARY    support             Partial         -                                                                         Computed/Stale
SUMMARY    realization         Reported        routes=1 endpoints=0 targets=0                                            Reported/Stale
INTENT     algorithm           Declared        RoundRobin                                                                Declared/Current
INTENT     consistent-hash     Absent          -                                                                         Declared/Current
INTENT     endpoint-override   Absent          -                                                                         Declared/Current
REPORTED   algorithm           Reported        RoundRobin                                                                Reported/Stale
REPORTED   translator          Computed        envoy-gateway                                                             Computed/Stale
REPORTED   policy-ready        True            AcceptedByGateway                                                         Reported/Stale
REPORTED   unsupported         Unknown         -                                                                         Reported/Stale
REPORTED   policy              Reported        gateway.envoyproxy.io/v1alpha1/BackendTrafficPolicy/prod/chat             Reported/Stale
REPORTED   route               Reported        chat                                                                      Reported/Stale
REPORTED   condition           Reported        BackendPolicyReady=True/AcceptedByGateway gen=6 at=2026-09-14T16:59:00Z   Reported/Stale
CHECK      algorithm           Unverifiable    -                                                                         Computed/Stale
CHECK      policy              Unverifiable    -                                                                         Computed/Stale
CHECK      canary-weight       NotApplicable   -                                                                         Computed/Current
ISSUE      -                   -               ReportedEvidenceStale                                                     Computed/Unverifiable
WARNING    -                   -               PartialData                                                               Computed/Unverifiable
WARNING    -                   -               StaleEvidence                                                             Computed/Unverifiable
