SUBJECT                   EVIDENCE         DETAIL
Doctor                    Incomplete       GET-only; not authorization
Context                   local            Current kubeconfig context
Workload namespace        team-a           Only selected named GET
OME namespace             control          Named manager Deployment...
inferencereplicas         Available        Optional  ome.io/v1beta1...
inferenceservices         Available        Required  ome.io/v1beta1...
ManagerDeployment         Available        GET apps/v1 deployments ...
SelectedInferenceSer...   Available        GET ome.io/v1beta1 infer...
CLI version               v1.2.0           CanonicalCandidate
Manager image candidate   v1.2.3           SelectedStableTag
Operator compatibility    Unverifiable     No canonical running ver...
Image-tag comparison      WithinOneMinor   Computed; not compatibility
Lifecycle                 Present          Generation unverifiable
Traffic                   Present          Generation unverifiable
Full values                                Use -o json or -o yaml
